------------------------------------------------------
Running: /examples/majorNetwork/ 		                              -f omnetpp.ini -c General -r 0

$ cd C:/Users/Buschmann/workspaceOmnet/SignalsAndGateways//examples/majorNetwork/
$ opp_run -n C:/Users/Buschmann/workspaceOmnet/inet/src;C:/Users/Buschmann/workspaceOmnet/CoRE4INET/src;C:/Users/Buschmann/workspaceOmnet/FiCo4OMNeT/src;C:/Users/Buschmann/workspaceOmnet/SignalsAndGateways/src;C:/Users/Buschmann/workspaceOmnet/SignalsAndGateways/examples -l C:/Users/Buschmann/workspaceOmnet/CoRE4INET/src/CoRE4INET -l C:/Users/Buschmann/workspaceOmnet/inet/src/inet -l C:/Users/Buschmann/workspaceOmnet/FiCo4OMNeT/src/FiCo4OMNeT -l C:/Users/Buschmann/workspaceOmnet/SignalsAndGateways/src/SignalsAndGateways -u Cmdenv 		                              -f omnetpp.ini -c General -r 0 --sim-time-limit=1s --fingerprint=40cb-3bbc --cpu-time-limit=30s --vector-recording=false --scalar-recording=false

<!> Warning: opp_run: Cannot check library C:/Users/Buschmann/workspaceOmnet/CoRE4INET/src/CoRE4INET: Das angegebene Modul wurde nicht gefunden

<!> Warning: opp_run: Cannot check library C:/Users/Buschmann/workspaceOmnet/SignalsAndGateways/src/SignalsAndGateways: Das angegebene Modul wurde nicht gefunden

OMNeT++ Discrete Event Simulation  (C) 1992-2014 Andras Varga, OpenSim Ltd.
Version: 4.6, build: 141202-f785492, edition: Academic Public License -- NOT FOR COMMERCIAL USE
See the license for distribution terms and warranty disclaimer
Setting up Cmdenv...
Loading NED files from C:/Users/Buschmann/workspaceOmnet/inet/src: 284
Loading NED files from C:/Users/Buschmann/workspaceOmnet/CoRE4INET/src: 89
Loading NED files from C:/Users/Buschmann/workspaceOmnet/FiCo4OMNeT/src: 33
Loading NED files from C:/Users/Buschmann/workspaceOmnet/SignalsAndGateways/src: 20
Loading NED files from C:/Users/Buschmann/workspaceOmnet/SignalsAndGateways/examples: 22

Preparing for running configuration General, run #0...
Scenario: $repetition=0
Assigned runID=General-0-20150224-16:25:04-6692
Recording eventlog to file `results\General-0.elog'...
Setting up network `major_gateway_network'...
Initializing...

Running simulation...
** Event #1   T=0   Elapsed: 0.000s (0m 00s)  0% completed
     Speed:     ev/sec=0   simsec/sec=0   ev/simsec=0
     Messages:  created: 116   present: 116   in FES: 24
** Event #17821   T=1   Elapsed: 0.480s (0m 00s)  100% completed
     Speed:     ev/sec=37125   simsec/sec=2.08333   ev/simsec=17820
     Messages:  created: 11746   present: 133   in FES: 22

<!> Simulation time limit reached -- simulation stopped at event #17821, t=1.


Calling finish() at end of Run #0...
busytime: 0.014978
simtime: 1
busytime: 0.00935288
simtime: 1
busytime: 0.01362488
simtime: 1
busytime: 0.011156
simtime: 1
busytime: 0.00556712
simtime: 1
busytime: 0.008218
simtime: 1

<!> Fingerprint successfully verified: 40cb-3bbc


End.

Exit code: 0
Elapsed time:  1.0s

